<?xml version="1.0" encoding="UTF-8"?>
<testsuites name="jest tests" tests="1" failures="0" time="1.069">
  <testsuite name="app" errors="0" failures="0" skipped="0" timestamp="2020-07-07T06:54:30" time="0.745" tests="1">
    <testcase classname="app renders correctly" name="app renders correctly" time="0.001">
    </testcase>
  </testsuite>
</testsuites>